[enjincoin.io/images/bubble-boy.png]
[cdnjs.cloudflare.com/ajax/libs/dialog-polyfill/0.4.9/dialog-polyfill.min.css]
[backblue.gif]
[fade.gif]
[index.html]
[enjincoin.io/images/index/enjin-coin-logo.png]
[enjincoin.io/enjincoin_whitepaper.pdf]
[enjincoin.io/images/index/chinese-language.png]
[enjincoin.io/images/index/russian-language.png]
[enjincoin.io/images/index/french-language.png]
[enjincoin.io/images/index/eth-logo.png]
[enjincoin.io/images/index/enjin-coin-video-play.png]
[enjincoin.io/images/enjin-rock.png]
[enjincoin.io/images/index/enj-coin-hammer.png]
[enjincoin.io/images/index/enj-coin-book.png]
[enjincoin.io/images/index/enj-coin-sword.png]
[enjincoin.io/images/index/enj-coin-helmet.png]
[enjincoin.io/images/index/enjin-coin-mint-factory.png]
[enjincoin.io/images/index/enjin-coin-wallet-concept.png]
[enjincoin.io/images/index/enjin-coin-pending-concept.png]
[enjincoin.io/images/index/team-maxim.png]
[enjincoin.io/images/index/team-witek.png]
[enjincoin.io/images/index/team-josh.png]
[enjincoin.io/images/index/team-volkov.png]
[enjincoin.io/images/index/advisor-Pat.png]
[enjincoin.io/images/index/advisor-Robin.png]
[enjincoin.io/images/index/advisor-Ryan.png]
[enjincoin.io/images/index/advisor-Trung.png]
[enjincoin.io/images/index/enjin-coin-game-engine-development.png]
[enjincoin.io/images/index/media-presale.jpg]
[enjincoin.io/images/index/media-blockshow-hk.jpg]
[enjincoin.io/images/index/media-adisummit.jpg]
[enjincoin.io/images/index/enjin-coin-partner-logos.png]
[enjincoin.io/images/index/enjin-coin-adoption-gaming.png]
[enjincoin.io/enjincoin_crowdsale_terms.pdf]
[enjincoin.io/enjincoin_sec_howey_test.pdf]
[enjincoin.io/images/google-calendar.jpg]
[enjincoin.io/images/preview-notification.png]
[enjincoin.io/images/team/maxim.png]
[enjincoin.io/images/index/linked-in.png]
[enjincoin.io/images/team/witek.png]
[enjincoin.io/images/team/josh.png]
[enjincoin.io/images/team/vyacheslav.png]
[enjincoin.io/images/team/brad.png]
[enjincoin.io/images/team/lilia.png]
[enjincoin.io/images/team/chris.png]
[enjincoin.io/images/team/evan.png]
[enjincoin.io/images/team/advisors/robin.png]
[enjincoin.io/images/team/advisors/daniel.png]
[enjincoin.io/images/team/advisors/trung.png]
[enjincoin.io/images/team/advisors/frederick.png]
[enjincoin.io/images/team/advisors/roy.png]
[code.getmdl.io/1.3.0/material.min.js]
[cdnjs.cloudflare.com/ajax/libs/dialog-polyfill/0.4.9/dialog-polyfill.min.js]
[use.fontawesome.com/622cc6b83f.js]
[enjincoin.io/js/plugins/clipboard.min.js]
[cdnjs.cloudflare.com/ajax/libs/numeral.js/2.0.6/numeral.min.js]
[enjincoin.io/js/plugins/particles.min.js]
[enjincoin.io/js/base.js]
[enjincoin.io/js/index.js]
[www.google-analytics.com/analytics.js]
[connect.facebook.net/en_US/fbevents.js]
[enjincoin.io/index.html]
[enjincoin.io/css/plugins/material.css]
[cdnjs.cloudflare.com/ajax/libs/dialog-polyfill/0.4.9/dialog-polyfill.min.css]
[enjincoin.io/images/index/purple-top-left-shade.png]
[enjincoin.io/css/base.css]
[enjincoin.io/images/index/roadmap-enjin-logo.png]
[enjincoin.io/images/index/media-bancor.jpg]
[enjincoin.io/images/index/media-icoalert.jpg]
[enjincoin.io/images/index/media-coinomi.png]
[enjincoin.io/images/index/media-hacked.jpg]
[enjincoin.io/images/index/media-boxmining.png]
[enjincoin.io/images/index/media-patlabine.png]
[enjincoin.io/images/index/media-cointelegraph.png]
[enjincoin.io/images/index/media-blockshow.png]
[enjincoin.io/css/index.css]
[enjincoin.io/images/index/english-language.png]
[enjincoin.io/cn/index.html]
[enjincoin.io/ru/index.html]
[enjincoin.io/fr/index.html]
[enjincoin.io/js/plugins/odometer.min.js]
[enjincoin.io/js/slack.js]
[enjincoin.io/slack/index.html]
[enjincoin.io/js/account.js]
[enjincoin.io/account/index.html]
[in.getclicky.com/101060241ns.html]
[connect.facebook.net/en_US/fbevents.js]
[enjincoin.io/âhttps_/www.facebook.com/tr1ecb.html]
[enjincoin.io/cn/âhttps_/www.facebook.com/tr1ecb.html]
[enjincoin.io/ru/âhttps_/www.facebook.com/tr1ecb.html]
[enjincoin.io/fr/âhttps_/www.facebook.com/tr1ecb.html]
[code.getmdl.io/1.3.0/material.indigo-pink.min.css]
[enjincoin.io/css/plugins/odometer-theme-default.css]
[enjincoin.io/css/slack.css]
[enjincoin.io/images/slack.svg]
[enjincoin.io/slack/âhttps_/www.facebook.com/tr1ecb.html]
[enjincoin.io/css/account.css]
[enjincoin.io/account/âhttps_/www.facebook.com/tr1ecb.html]
